[debug] [2026-08-05T07:26:46.816Z] ----------------------------------------------------------------------
[debug] [2026-08-05T07:26:46.824Z] Command:       C:\Program Files\nodejs\node.exe C:\Users\melou\AppData\Roaming\npm\node_modules\firebase-tools\lib\bin\firebase.js deploy --only hosting
[debug] [2026-08-05T07:26:46.825Z] CLI Version:   15.19.1
[debug] [2026-08-05T07:26:46.825Z] Platform:      win32
[debug] [2026-08-05T07:26:46.825Z] Node Version:  v24.16.0
[debug] [2026-08-05T07:26:46.825Z] Time:          Wed Aug 05 2026 09:26:46 GMT+0200 (heure d’été d’Europe centrale)
[debug] [2026-08-05T07:26:46.825Z] ----------------------------------------------------------------------
[debug] 
[debug] [2026-08-05T07:26:49.799Z] > command requires scopes: ["email","openid","https://www.googleapis.com/auth/cloudplatformprojects.readonly","https://www.googleapis.com/auth/firebase","https://www.googleapis.com/auth/cloud-platform"]
[debug] [2026-08-05T07:26:49.800Z] > authorizing via signed-in user (meloune4@gmail.com)
[debug] [2026-08-05T07:26:49.800Z] [iam] checking project blazing-dinasty-1fad9 for permissions ["firebase.projects.get","firebasehosting.sites.update"]
[debug] [2026-08-05T07:26:49.801Z] Checked if tokens are valid: false, expires at: 1785915060025
[debug] [2026-08-05T07:26:49.801Z] Checked if tokens are valid: false, expires at: 1785915060025
[debug] [2026-08-05T07:26:49.801Z] > refreshing access token with scopes: []
[debug] [2026-08-05T07:26:49.805Z] >>> [apiv2][query] POST https://www.googleapis.com/oauth2/v3/token [none]
[debug] [2026-08-05T07:26:49.805Z] >>> [apiv2][body] POST https://www.googleapis.com/oauth2/v3/token [omitted]
[debug] [2026-08-05T07:27:01.000Z] *** [apiv2] error from fetch(https://www.googleapis.com/oauth2/v3/token, {"headers":{},"method":"POST","body":{"_overheadLength":545,"_valueLength":212,"_valuesToMeasure":[],"writable":false,"readable":true,"dataSize":0,"maxDataSize":2097152,"pauseStreams":true,"_released":true,"_streams":[],"_currentStream":null,"_insideLoop":false,"_pendingNext":false,"_boundary":"--------------------------bd61119c16943ea176b324a1","_events":{},"_eventsCount":1}}): FetchError: request to https://www.googleapis.com/oauth2/v3/token failed, reason: getaddrinfo ENOTFOUND www.googleapis.com
[error] Authentication Error: Your credentials are no longer valid. Please run firebase login --reauth

For CI servers and headless environments, generate a new token with firebase login:ci
[debug] [2026-08-05T07:27:01.003Z] [iam] error while checking permissions, command may fail: Authentication Error: Your credentials are no longer valid. Please run firebase login --reauth

For CI servers and headless environments, generate a new token with firebase login:ci
[debug] [2026-08-05T07:27:01.003Z] Checked if tokens are valid: false, expires at: 1785915060025
[debug] [2026-08-05T07:27:01.003Z] Checked if tokens are valid: false, expires at: 1785915060025
[debug] [2026-08-05T07:27:01.003Z] > refreshing access token with scopes: []
[debug] [2026-08-05T07:27:01.004Z] >>> [apiv2][query] POST https://www.googleapis.com/oauth2/v3/token [none]
[debug] [2026-08-05T07:27:01.004Z] >>> [apiv2][body] POST https://www.googleapis.com/oauth2/v3/token [omitted]
[debug] [2026-08-05T07:27:12.176Z] *** [apiv2] error from fetch(https://www.googleapis.com/oauth2/v3/token, {"headers":{},"method":"POST","body":{"_overheadLength":545,"_valueLength":212,"_valuesToMeasure":[],"writable":false,"readable":true,"dataSize":0,"maxDataSize":2097152,"pauseStreams":true,"_released":true,"_streams":[],"_currentStream":null,"_insideLoop":false,"_pendingNext":false,"_boundary":"--------------------------d382212e0e719d397fc275e3","_events":{},"_eventsCount":1}}): FetchError: request to https://www.googleapis.com/oauth2/v3/token failed, reason: getaddrinfo ENOTFOUND www.googleapis.com
[error] Authentication Error: Your credentials are no longer valid. Please run firebase login --reauth

For CI servers and headless environments, generate a new token with firebase login:ci
[debug] [2026-08-05T07:27:12.178Z] Authentication Error: Your credentials are no longer valid. Please run firebase login --reauth

For CI servers and headless environments, generate a new token with firebase login:ci
[error] 
[error] Error: Assertion failed: resolving hosting target of a site with no site name or target name. This should have caused an error earlier
